// Jest Snapshot v1, https://goo.gl/fbAQLP

exports[`Rewrite templates should shoud preserve home:block 1`] = `
{
  "block1": {
    "type": "container",
    "items": [
      {
        "type": "block2/test"
      },
      {
        "type": "block3/test"
      }
    ]
  },
  "block2": {
    "type": "container",
    "items": [
      {
        "type": "text",
        "text": "text1"
      }
    ]
  },
  "block3": {
    "type": "block2/test"
  },
  "block4": {
    "type": "home:block"
  }
}
`;
